TOML parse error at line 1, column 6
  |
1 | a = "
  |      ^
invalid basic string
