TOML parse error at line 1, column 5
  |
1 | a = -9223372036854775809
  |     ^
number too small to fit in target type
