TOML parse error at line 2, column 1
  |
2 | ã€€foo = "bar"
  | ^^^
invalid key
