error[E0277]: `NonError` doesn't implement `std::fmt::Display`
 --> tests/ui/result_no_display.rs:4:19
  |
4 |         fn f() -> Result<()>;
  |                   ^^^^^^^^^^ the trait `std::fmt::Display` is not implemented for `NonError`
