TOML parse error at line 1, column 10
  |
1 | a = 0.0e-
  |          ^
invalid floating-point number
