TOML parse error at line 1, column 5
  |
1 | a = 9223372036854775808
  |     ^
number too large to fit in target type
