TOML parse error at line 1, column 5
  |
1 | a = a"""
  |     ^
invalid string
expected `"`, `'`
